(Enemy 99 λ)
(SelfReferencer 101 λ)
(GenericFuncMember λ)
