hello
11111
[0 1 8 27 64 125 216 343 512 729 1000 1331 1728 2197 2744 3375 4096 4913 5832 6859 8000]
Hello, hello!
[1 2 3]
2
[(Pair 1 2)]
