defn-.carp:7:26 The binding: Say.hell is private; it may only be used within the module that defines it.
