match-given-away-value.carp:9:16 Referencing a given-away value 'e'.
