match-literals.carp:5:18 I canâ€™t use `0` in match, only lists and symbols are allowed
