multiarg-ref.carp:2:2 [ERROR] ref expected 1 arguments but received 2.

The arguments 2 are not needed.
