nested-empty-list.carp:2:1 [ERROR] The form: (()) is malformed
