Quasiquote.carp:18:18 unquotes need to be wrapped inside quasiquotes.
