 Can't use '(Ref Int <t2>)' as a type for a member variable.
