return_ref_in_let.carp:5:5 The reference 'xs' isn't alive.
