return_ref_in_do.carp:3:2 The reference '(defn f [] (do () () () () (ref [1 2 3])))' isn't alive.
