sumtype_type_var_not_in_scope.carp:3:10  Can't use 'x' as a type for a member variable.
