wrong_args_when_recursing.carp:4:4 Wrong argument count in call to 'f' (expected 1, received 0).
