 Inferred Macro, can't unify with (Fn [] Bool).
wrong_sig_for_defn.carp:4:2 Inferred (Fn [] Bool), can't unify with (Fn [Int] Float).
