[(Monster (Pos 22.4f 84.7f) 100 @"Pegasus") (Monster (Pos 1f 110.9f) 100 @"Dragon") (Monster (Pos 0.4f 36f) 100 @"Devil")]
[(Monster (Pos 23.4f 85.7f) 100 @"Pegasus") (Monster (Pos 2f 111.9f) 100 @"Dragon") (Monster (Pos 1.4f 37f) 100 @"Devil")]
[33m=> 0
[37m